
   FAIL  Tests\Feature\BulkEmployeeUpdateTest
  Γ¿» bulk update via import updates employee and creates promotion history                                        1.40s  
  Γ¿» bulk create via import handles new employee id                                                               0.11s  
  ΓöÇΓöÇΓöÇΓöÇΓöÇΓöÇΓöÇΓöÇΓöÇΓöÇΓöÇΓöÇΓöÇΓöÇΓöÇΓöÇΓöÇΓöÇΓöÇΓöÇΓöÇΓöÇΓöÇΓöÇΓöÇΓöÇΓöÇΓöÇΓöÇΓöÇΓöÇΓöÇΓöÇΓöÇΓöÇΓöÇΓöÇΓöÇΓöÇΓöÇΓöÇΓöÇΓöÇΓöÇΓöÇΓöÇΓöÇΓöÇΓöÇΓöÇΓöÇΓöÇΓöÇΓöÇΓöÇΓöÇΓöÇΓöÇΓöÇΓöÇΓöÇΓöÇΓöÇΓöÇΓöÇΓöÇΓöÇΓöÇΓöÇΓöÇΓöÇΓöÇΓöÇΓöÇΓöÇΓöÇΓöÇΓöÇΓöÇΓöÇΓöÇΓöÇΓöÇΓöÇΓöÇΓöÇΓöÇΓöÇΓöÇΓöÇΓöÇΓöÇΓöÇΓöÇΓöÇΓöÇΓöÇΓöÇΓöÇΓöÇΓöÇΓöÇΓöÇΓöÇΓöÇΓöÇΓöÇΓöÇΓöÇΓöÇΓöÇΓöÇΓöÇΓöÇΓöÇΓöÇ  
   FAILED  Tests\Feature\BulkEmployeeUpdateTest > bulk update via import updates employee and createΓÇª  QueryException   
  SQLSTATE[HY000]: General error: 20 datatype mismatch (Connection: sqlite, SQL: insert into "employees" ("employee_id", "staff_no", "first_name", "surname", "gender", "date_of_birth", "date_of_first_appointment", "appointment_type_id", "state_id", "lga_id", "rank_id", "grade_level_id", "step_id", "department_id", "cadre_id", "status", "email", "mobile_no", "address", "pay_point", "nationality", "updated_at", "created_at") values (EMP001, STAFF001, John, Doe, Male, 1990-01-01, 2020-01-01, 1, 1, 1, 1, 1, 1, 1, 1, Active, john@example.com, 08012345678, Test Address, HQ, Nigerian, 2026-02-16 17:18:10, 2026-02-16 17:18:10))

  at vendor\laravel\framework\src\Illuminate\Database\Connection.php:568
    564Γûò             $this->bindValues($statement, $this->prepareBindings($bindings));
    565Γûò 
    566Γûò             $this->recordsHaveBeenModified();
    567Γûò 
  Γ₧£ 568Γûò             return $statement->execute();
    569Γûò         });
    570Γûò     }
    571Γûò 
    572Γûò     /**

  1   vendor\laravel\framework\src\Illuminate\Database\Connection.php:568
  2   vendor\laravel\framework\src\Illuminate\Database\Connection.php:809

  ΓöÇΓöÇΓöÇΓöÇΓöÇΓöÇΓöÇΓöÇΓöÇΓöÇΓöÇΓöÇΓöÇΓöÇΓöÇΓöÇΓöÇΓöÇΓöÇΓöÇΓöÇΓöÇΓöÇΓöÇΓöÇΓöÇΓöÇΓöÇΓöÇΓöÇΓöÇΓöÇΓöÇΓöÇΓöÇΓöÇΓöÇΓöÇΓöÇΓöÇΓöÇΓöÇΓöÇΓöÇΓöÇΓöÇΓöÇΓöÇΓöÇΓöÇΓöÇΓöÇΓöÇΓöÇΓöÇΓöÇΓöÇΓöÇΓöÇΓöÇΓöÇΓöÇΓöÇΓöÇΓöÇΓöÇΓöÇΓöÇΓöÇΓöÇΓöÇΓöÇΓöÇΓöÇΓöÇΓöÇΓöÇΓöÇΓöÇΓöÇΓöÇΓöÇΓöÇΓöÇΓöÇΓöÇΓöÇΓöÇΓöÇΓöÇΓöÇΓöÇΓöÇΓöÇΓöÇΓöÇΓöÇΓöÇΓöÇΓöÇΓöÇΓöÇΓöÇΓöÇΓöÇΓöÇΓöÇΓöÇΓöÇΓöÇΓöÇΓöÇΓöÇΓöÇΓöÇΓöÇ  
   FAILED  Tests\Feature\BulkEmployeeUpdateTest > bulk create via import handles new employee id       QueryException   
  SQLSTATE[HY000]: General error: 20 datatype mismatch (Connection: sqlite, SQL: insert into "employees" ("first_name", "surname", "middle_name", "gender", "date_of_birth", "state_id", "lga_id", "ward_id", "pay_point", "nationality", "nin", "mobile_no", "email", "address", "date_of_first_appointment", "cadre_id", "staff_no", "grade_level_id", "step_id", "rank_id", "department_id", "expected_next_promotion", "expected_retirement_date", "status", "highest_certificate", "grade_level_limit", "appointment_type_id", "contract_start_date", "contract_end_date", "amount", "employee_id", "updated_at", "created_at") values (Jane, Smith, ?, Female, 1995-01-01, 1, 1, ?, Branch, Nigerian, ?, 08087654321, jane@example.com, Jane Address, 2021-01-01, 1, STAFF002, 1, 1, 1, 1, ?, ?, Active, ?, ?, 1, 2026-02-16, 2026-02-16, ?, EMP002, 2026-02-16 17:18:10, 2026-02-16 17:18:10))

  at vendor\laravel\framework\src\Illuminate\Database\Connection.php:568
    564Γûò             $this->bindValues($statement, $this->prepareBindings($bindings));
    565Γûò 
    566Γûò             $this->recordsHaveBeenModified();
    567Γûò 
  Γ₧£ 568Γûò             return $statement->execute();
    569Γûò         });
    570Γûò     }
    571Γûò 
    572Γûò     /**

  1   vendor\laravel\framework\src\Illuminate\Database\Connection.php:568
  2   vendor\laravel\framework\src\Illuminate\Database\Connection.php:809


  Tests:    2 failed (0 assertions)
  Duration: 1.86s

